exports[`back button should be clickable 1`] = `
<button
  className="MuiButtonBase-root-8 MuiIconButton-root-2 BasicSettingsButton-root-1"
  disabled={false}
  onBlur={[Function]}
  onFocus={[Function]}
  onKeyDown={[Function]}
  onKeyUp={[Function]}
  onMouseDown={[Function]}
  onMouseLeave={[Function]}
  onMouseUp={[Function]}
  onTouchEnd={[Function]}
  onTouchMove={[Function]}
  onTouchStart={[Function]}
  tabIndex="0"
  type="button">
  <span
    className="MuiIconButton-label-7">
    <svg
      aria-hidden="true"
      className="MuiSvgIcon-root-11"
      color={undefined}
      focusable="false"
      viewBox="0 0 24 24">
      <path
        d="M0 0h24v24H0z"
        fill="none" />
      <path
        d="M3 18h18v-2H3v2zm0-5h18v-2H3v2zm0-7v2h18V6H3z" />
    </svg>
  </span>
  <span
    className="MuiTouchRipple-root-18" />
</button>
`;

exports[`back button should contain a menu icon 1`] = `
<button
  className="MuiButtonBase-root-8 MuiIconButton-root-2 BasicSettingsButton-root-1"
  disabled={false}
  onBlur={[Function]}
  onFocus={[Function]}
  onKeyDown={[Function]}
  onKeyUp={[Function]}
  onMouseDown={[Function]}
  onMouseLeave={[Function]}
  onMouseUp={[Function]}
  onTouchEnd={[Function]}
  onTouchMove={[Function]}
  onTouchStart={[Function]}
  tabIndex="0"
  type="button">
  <span
    className="MuiIconButton-label-7">
    <svg
      aria-hidden="true"
      className="MuiSvgIcon-root-11"
      color={undefined}
      focusable="false"
      viewBox="0 0 24 24">
      <path
        d="M0 0h24v24H0z"
        fill="none" />
      <path
        d="M3 18h18v-2H3v2zm0-5h18v-2H3v2zm0-7v2h18V6H3z" />
    </svg>
  </span>
  <span
    className="MuiTouchRipple-root-18" />
</button>
`;

exports[`web view button should be rendered 1`] = `
<webview
  className="BasicWebView-root-1"
  src="http://www.github.com" />
`;

exports[`web view should be rendered 1`] = `
<webview
  className="BasicWebView-root-1"
  src="http://www.github.com" />
`;
